 DONE  Compiled successfully in 3151ms17:43:07

Stats {
  compilation: 
   Compilation {
     _pluginCompat: 
      SyncBailHook {
        _args: [Array],
        taps: [Array],
        interceptors: [],
        call: [Function: lazyCompileHook],
        promise: [Function: lazyCompileHook],
        callAsync: [Function: lazyCompileHook],
        _x: undefined },
     hooks: 
      { buildModule: [Object],
        rebuildModule: [Object],
        failedModule: [Object],
        succeedModule: [Object],
        addEntry: [Object],
        failedEntry: [Object],
        succeedEntry: [Object],
        dependencyReference: [Object],
        finishModules: [Object],
        finishRebuildingModule: [Object],
        unseal: [Object],
        seal: [Object],
        beforeChunks: [Object],
        afterChunks: [Object],
        optimizeDependenciesBasic: [Object],
        optimizeDependencies: [Object],
        optimizeDependenciesAdvanced: [Object],
        afterOptimizeDependencies: [Object],
        optimize: [Object],
        optimizeModulesBasic: [Object],
        optimizeModules: [Object],
        optimizeModulesAdvanced: [Object],
        afterOptimizeModules: [Object],
        optimizeChunksBasic: [Object],
        optimizeChunks: [Object],
        optimizeChunksAdvanced: [Object],
        afterOptimizeChunks: [Object],
        optimizeTree: [Object],
        afterOptimizeTree: [Object],
        optimizeChunkModulesBasic: [Object],
        optimizeChunkModules: [Object],
        optimizeChunkModulesAdvanced: [Object],
        afterOptimizeChunkModules: [Object],
        shouldRecord: [Object],
        reviveModules: [Object],
        optimizeModuleOrder: [Object],
        advancedOptimizeModuleOrder: [Object],
        beforeModuleIds: [Object],
        moduleIds: [Object],
        optimizeModuleIds: [Object],
        afterOptimizeModuleIds: [Object],
        reviveChunks: [Object],
        optimizeChunkOrder: [Object],
        beforeChunkIds: [Object],
        optimizeChunkIds: [Object],
        afterOptimizeChunkIds: [Object],
        recordModules: [Object],
        recordChunks: [Object],
        beforeHash: [Object],
        contentHash: [Object],
        afterHash: [Object],
        recordHash: [Object],
        record: [Object],
        beforeModuleAssets: [Object],
        shouldGenerateChunkAssets: [Object],
        beforeChunkAssets: [Object],
        additionalChunkAssets: [Object],
        additionalAssets: [Object],
        optimizeChunkAssets: [Object],
        afterOptimizeChunkAssets: [Object],
        optimizeAssets: [Object],
        afterOptimizeAssets: [Object],
        needAdditionalSeal: [Object],
        afterSeal: [Object],
        chunkHash: [Object],
        moduleAsset: [Object],
        chunkAsset: [Object],
        assetPath: [Object],
        needAdditionalPass: [Object],
        childCompiler: [Object],
        normalModuleLoader: [Object],
        optimizeExtractedChunksBasic: [Object],
        optimizeExtractedChunks: [Object],
        optimizeExtractedChunksAdvanced: [Object],
        afterOptimizeExtractedChunks: [Object] },
     name: undefined,
     compiler: 
      Compiler {
        _pluginCompat: [Object],
        hooks: [Object],
        name: undefined,
        parentCompilation: undefined,
        outputPath: '/Users/youku/workspace/github/get-umi-webpack-compiler/dist',
        outputFileSystem: [Object],
        inputFileSystem: [Object],
        recordsInputPath: undefined,
        recordsOutputPath: undefined,
        records: [Object],
        removedFiles: Set {},
        fileTimestamps: Map {},
        contextTimestamps: Map {},
        resolverFactory: [Object],
        resolvers: [Object],
        options: [Object],
        context: '/Users/youku/workspace/github/get-umi-webpack-compiler',
        requestShortener: [Object],
        running: false,
        watchMode: false,
        watchFileSystem: [Object],
        webpackbar: [Object],
        dependencies: undefined },
     resolverFactory: 
      ResolverFactory {
        _pluginCompat: [Object],
        hooks: [Object],
        cache1: WeakMap {},
        cache2: [Object] },
     inputFileSystem: 
      CachedInputFileSystem {
        fileSystem: NodeJsInputFileSystem {},
        _statStorage: [Object],
        _readdirStorage: [Object],
        _readFileStorage: [Object],
        _readJsonStorage: [Object],
        _readlinkStorage: [Object],
        _stat: [Function: bound bound ],
        _statSync: [Function: bound bound ],
        _readdir: [Function: bound readdir],
        _readdirSync: [Function: bound readdirSync],
        _readFile: [Function: bound bound readFile],
        _readFileSync: [Function: bound bound ],
        _readJson: [Function],
        _readJsonSync: [Function],
        _readlink: [Function: bound bound ],
        _readlinkSync: [Function: bound bound ] },
     requestShortener: 
      RequestShortener {
        currentDirectoryRegExp: /(^|!)\/Users\/youku\/workspace\/github\/get\-umi\-webpack\-compiler/g,
        parentDirectoryRegExp: /(^|!)\/Users\/youku\/workspace\/github/g,
        buildinsAsModule: true,
        buildinsRegExp: /(^|!)\/Users\/youku\/workspace\/github\/get\-umi\-webpack\-compiler\/node_modules\/webpack/g,
        cache: [Object] },
     options: 
      { mode: 'production',
        node: [Object],
        output: [Object],
        resolve: [Object],
        resolveLoader: [Object],
        module: [Object],
        optimization: [Object],
        plugins: [Array],
        performance: [Object],
        entry: [Object],
        devtool: false,
        cache: false,
        context: '/Users/youku/workspace/github/get-umi-webpack-compiler',
        target: 'web' },
     outputOptions: 
      { path: '/Users/youku/workspace/github/get-umi-webpack-compiler/dist',
        filename: '[name].js',
        chunkFilename: '[name].async.js',
        publicPath: '/',
        devtoolModuleFilenameTemplate: [Function],
        webassemblyModuleFilename: '[modulehash].module.wasm',
        library: '',
        hotUpdateFunction: 'webpackHotUpdate',
        jsonpFunction: 'webpackJsonp',
        chunkCallbackName: 'webpackChunk',
        globalObject: 'window',
        devtoolNamespace: '',
        libraryTarget: 'var',
        pathinfo: false,
        sourceMapFilename: '[file].map[query]',
        hotUpdateChunkFilename: '[id].[hash].hot-update.js',
        hotUpdateMainFilename: '[hash].hot-update.json',
        crossOriginLoading: false,
        jsonpScriptType: false,
        chunkLoadTimeout: 120000,
        hashFunction: 'md4',
        hashDigest: 'hex',
        hashDigestLength: 20,
        devtoolLineToLine: false,
        strictModuleExceptionHandling: false },
     bail: undefined,
     profile: undefined,
     performance: { hints: false, maxAssetSize: 250000, maxEntrypointSize: 250000 },
     mainTemplate: 
      MainTemplate {
        _pluginCompat: [Object],
        outputOptions: [Object],
        hooks: [Object],
        requireFn: '__webpack_require__' },
     chunkTemplate: 
      ChunkTemplate {
        _pluginCompat: [Object],
        outputOptions: [Object],
        hooks: [Object] },
     hotUpdateChunkTemplate: 
      HotUpdateChunkTemplate {
        _pluginCompat: [Object],
        outputOptions: [Object],
        hooks: [Object] },
     runtimeTemplate: RuntimeTemplate { outputOptions: [Object], requestShortener: [Object] },
     moduleTemplates: { javascript: [Object], webassembly: [Object] },
     semaphore: 
      Semaphore {
        available: 100,
        waiters: [],
        _continue: [Function: bound _continue] },
     entries: [ [Object], [Object] ],
     _preparedEntrypoints: [ [Object], [Object] ],
     entrypoints: Map { 'umi' => [Object], 'app1' => [Object] },
     chunks: [ [Object], [Object], [Object], [Object] ],
     chunkGroups: [ [Object], [Object], [Object], [Object] ],
     namedChunkGroups: 
      Map {
        'umi' => [Object],
        'app1' => [Object],
        'layouts__index' => [Object],
        'p__index' => [Object] },
     namedChunks: 
      Map {
        'umi' => [Object],
        'app1' => [Object],
        'layouts__index' => [Object],
        'p__index' => [Object] },
     modules: 
      [ [Object],
        [Object],
        [Object],
        [Object],
        [Object],
        [Object],
        [Object],
        [Object],
        [Object],
        [Object],
        [Object],
        [Object],
        [Object],
        [Object],
        [Object],
        [Object],
        [Object],
        [Object],
        [Object],
        [Object],
        [Object],
        [Object],
        [Object],
        [Object],
        [Object],
        [Object],
        [Object],
        [Object],
        [Object],
        [Object],
        [Object],
        [Object],
        [Object],
        [Object],
        [Object],
        [Object],
        [Object],
        [Object],
        [Object],
        [Object],
        [Object],
        [Object],
        [Object],
        [Object],
        [Object],
        [Object],
        [Object],
        [Object],
        [Object],
        [Object],
        [Object],
        [Object],
        [Object],
        [Object],
        [Object],
        [Object],
        [Object],
        [Object],
        [Object],
        [Object],
        [Object],
        [Object],
        [Object],
        [Object],
        [Object],
        [Object],
        [Object],
        [Object],
        [Object],
        [Object],
        [Object],
        [Object],
        [Object],
        [Object],
        [Object],
        [Object],
        [Object],
        [Object],
        [Object],
        [Object],
        [Object],
        [Object],
        [Object],
        [Object],
        [Object],
        [Object],
        [Object],
        [Object],
        [Object],
        [Object],
        [Object],
        [Object],
        [Object],
        [Object],
        [Object],
        [Object],
        [Object],
        [Object],
        [Object],
        [Object],
        ... 122 more items ],
     _modules: 
      Map {
        'multi /Users/youku/workspace/github/get-umi-webpack-compiler/src/pages/.umi-production/umi.js' => [Object],
        '/Users/youku/workspace/github/get-umi-webpack-compiler/node_modules/babel-loader/lib/index.js??ref--11-0!/Users/youku/workspace/github/get-umi-webpack-compiler/node_modules/ts-loader/index.js??ref--11-1!/Users/youku/workspace/github/get-umi-webpack-compiler/src/pages/index.tsx' => [Object],
        '/Users/youku/workspace/github/get-umi-webpack-compiler/node_modules/babel-loader/lib/index.js??ref--8-0!/Users/youku/workspace/github/get-umi-webpack-compiler/node_modules/eslint-loader/index.js??ref--5-0!/Users/youku/workspace/github/get-umi-webpack-compiler/src/pages/.umi-production/umi.js' => [Object],
        '/Users/youku/workspace/github/get-umi-webpack-compiler/node_modules/umi/lib/runtimePlugin.js' => [Object],
        '/Users/youku/workspace/github/get-umi-webpack-compiler/node_modules/mini-css-extract-plugin/dist/loader.js??ref--16-0!/Users/youku/workspace/github/get-umi-webpack-compiler/node_modules/css-loader/index.js??ref--16-1!/Users/youku/workspace/github/get-umi-webpack-compiler/node_modules/postcss-loader/src/index.js??postcss!/Users/youku/workspace/github/get-umi-webpack-compiler/src/pages/index.css' => [Object],
        '/Users/youku/workspace/github/get-umi-webpack-compiler/node_modules/mini-css-extract-plugin/dist/loader.js??ref--15-0!/Users/youku/workspace/github/get-umi-webpack-compiler/node_modules/css-loader/index.js??ref--15-1!/Users/youku/workspace/github/get-umi-webpack-compiler/node_modules/postcss-loader/src/index.js??postcss!/Users/youku/workspace/github/get-umi-webpack-compiler/src/global.css' => [Object],
        '/Users/youku/workspace/github/get-umi-webpack-compiler/node_modules/babel-loader/lib/index.js??ref--8-0!/Users/youku/workspace/github/get-umi-webpack-compiler/node_modules/eslint-loader/index.js??ref--5-0!/Users/youku/workspace/github/get-umi-webpack-compiler/src/pages/.umi-production/polyfills.js' => [Object],
        '/Users/youku/workspace/github/get-umi-webpack-compiler/node_modules/babel-loader/lib/index.js??ref--8-0!/Users/youku/workspace/github/get-umi-webpack-compiler/node_modules/eslint-loader/index.js??ref--5-0!/Users/youku/workspace/github/get-umi-webpack-compiler/src/pages/.umi-production/router.js' => [Object],
        '/Users/youku/workspace/github/get-umi-webpack-compiler/node_modules/babel-loader/lib/index.js??ref--8-0!/Users/youku/workspace/github/get-umi-webpack-compiler/node_modules/eslint-loader/index.js??ref--5-0!/Users/youku/workspace/github/get-umi-webpack-compiler/src/pages/.umi-production/initHistory.js' => [Object],
        '/Users/youku/workspace/github/get-umi-webpack-compiler/node_modules/assert/assert.js' => [Object],
        'css /Users/youku/workspace/github/get-umi-webpack-compiler/node_modules/css-loader/index.js??ref--15-1!/Users/youku/workspace/github/get-umi-webpack-compiler/node_modules/postcss-loader/src/index.js??postcss!/Users/youku/workspace/github/get-umi-webpack-compiler/src/global.css 0' => [Object],
        '/Users/youku/workspace/github/get-umi-webpack-compiler/node_modules/umi/lib/dynamic.js' => [Object],
        '/Users/youku/workspace/github/get-umi-webpack-compiler/node_modules/umi/lib/renderRoutes.js' => [Object],
        '/Users/youku/workspace/github/get-umi-webpack-compiler/node_modules/umi/lib/createHistory.js' => [Object],
        '/Users/youku/workspace/github/get-umi-webpack-compiler/node_modules/babel-loader/lib/index.js??ref--11-0!/Users/youku/workspace/github/get-umi-webpack-compiler/node_modules/ts-loader/index.js??ref--11-1!/Users/youku/workspace/github/get-umi-webpack-compiler/src/layouts/index.tsx' => [Object],
        'css /Users/youku/workspace/github/get-umi-webpack-compiler/node_modules/css-loader/index.js??ref--16-1!/Users/youku/workspace/github/get-umi-webpack-compiler/node_modules/postcss-loader/src/index.js??postcss!/Users/youku/workspace/github/get-umi-webpack-compiler/src/pages/index.css 0' => [Object],
        '/Users/youku/workspace/github/get-umi-webpack-compiler/node_modules/umi-build-dev/node_modules/react/index.js' => [Object],
        '/Users/youku/workspace/github/get-umi-webpack-compiler/node_modules/node-libs-browser/node_modules/util/util.js' => [Object],
        '/Users/youku/workspace/github/get-umi-webpack-compiler/node_modules/umi-build-dev/node_modules/react-dom/index.js' => [Object],
        '/Users/youku/workspace/github/get-umi-webpack-compiler/node_modules/webpack/buildin/global.js' => [Object],
        '/Users/youku/workspace/github/get-umi-webpack-compiler/node_modules/regenerator-runtime/runtime.js' => [Object],
        '/Users/youku/workspace/github/get-umi-webpack-compiler/node_modules/core-js/modules/es6.array.from.js' => [Object],
        '/Users/youku/workspace/github/get-umi-webpack-compiler/node_modules/core-js/modules/es7.array.includes.js' => [Object],
        '/Users/youku/workspace/github/get-umi-webpack-compiler/node_modules/core-js/modules/es6.array.sort.js' => [Object],
        '/Users/youku/workspace/github/get-umi-webpack-compiler/node_modules/core-js/modules/es6.array.species.js' => [Object],
        '/Users/youku/workspace/github/get-umi-webpack-compiler/node_modules/core-js/modules/es6.date.to-primitive.js' => [Object],
        '/Users/youku/workspace/github/get-umi-webpack-compiler/node_modules/core-js/modules/es6.function.has-instance.js' => [Object],
        '/Users/youku/workspace/github/get-umi-webpack-compiler/node_modules/core-js/modules/es6.map.js' => [Object],
        '/Users/youku/workspace/github/get-umi-webpack-compiler/node_modules/core-js/modules/es7.object.define-getter.js' => [Object],
        '/Users/youku/workspace/github/get-umi-webpack-compiler/node_modules/core-js/modules/es7.object.define-setter.js' => [Object],
        '/Users/youku/workspace/github/get-umi-webpack-compiler/node_modules/core-js/modules/es7.object.entries.js' => [Object],
        '/Users/youku/workspace/github/get-umi-webpack-compiler/node_modules/core-js/modules/es7.object.get-own-property-descriptors.js' => [Object],
        '/Users/youku/workspace/github/get-umi-webpack-compiler/node_modules/core-js/modules/es7.object.lookup-getter.js' => [Object],
        '/Users/youku/workspace/github/get-umi-webpack-compiler/node_modules/core-js/modules/es7.object.lookup-setter.js' => [Object],
        '/Users/youku/workspace/github/get-umi-webpack-compiler/node_modules/core-js/modules/es7.object.values.js' => [Object],
        '/Users/youku/workspace/github/get-umi-webpack-compiler/node_modules/core-js/modules/es6.promise.js' => [Object],
        '/Users/youku/workspace/github/get-umi-webpack-compiler/node_modules/core-js/modules/es7.promise.finally.js' => [Object],
        '/Users/youku/workspace/github/get-umi-webpack-compiler/node_modules/core-js/modules/es6.regexp.flags.js' => [Object],
        '/Users/youku/workspace/github/get-umi-webpack-compiler/node_modules/core-js/modules/es6.regexp.match.js' => [Object],
        '/Users/youku/workspace/github/get-umi-webpack-compiler/node_modules/core-js/modules/es6.regexp.replace.js' => [Object],
        '/Users/youku/workspace/github/get-umi-webpack-compiler/node_modules/core-js/modules/es6.regexp.split.js' => [Object],
        '/Users/youku/workspace/github/get-umi-webpack-compiler/node_modules/core-js/modules/es6.regexp.search.js' => [Object],
        '/Users/youku/workspace/github/get-umi-webpack-compiler/node_modules/core-js/modules/es6.regexp.to-string.js' => [Object],
        '/Users/youku/workspace/github/get-umi-webpack-compiler/node_modules/core-js/modules/es6.set.js' => [Object],
        '/Users/youku/workspace/github/get-umi-webpack-compiler/node_modules/core-js/modules/es6.symbol.js' => [Object],
        '/Users/youku/workspace/github/get-umi-webpack-compiler/node_modules/core-js/modules/es7.symbol.async-iterator.js' => [Object],
        '/Users/youku/workspace/github/get-umi-webpack-compiler/node_modules/core-js/modules/es7.string.pad-start.js' => [Object],
        '/Users/youku/workspace/github/get-umi-webpack-compiler/node_modules/core-js/modules/es7.string.pad-end.js' => [Object],
        '/Users/youku/workspace/github/get-umi-webpack-compiler/node_modules/core-js/modules/es6.typed.array-buffer.js' => [Object],
        '/Users/youku/workspace/github/get-umi-webpack-compiler/node_modules/core-js/modules/es6.typed.int8-array.js' => [Object],
        '/Users/youku/workspace/github/get-umi-webpack-compiler/node_modules/core-js/modules/es6.typed.uint8-array.js' => [Object],
        '/Users/youku/workspace/github/get-umi-webpack-compiler/node_modules/core-js/modules/es6.typed.uint8-clamped-array.js' => [Object],
        '/Users/youku/workspace/github/get-umi-webpack-compiler/node_modules/core-js/modules/es6.typed.int16-array.js' => [Object],
        '/Users/youku/workspace/github/get-umi-webpack-compiler/node_modules/core-js/modules/es6.typed.uint16-array.js' => [Object],
        '/Users/youku/workspace/github/get-umi-webpack-compiler/node_modules/core-js/modules/es6.typed.int32-array.js' => [Object],
        '/Users/youku/workspace/github/get-umi-webpack-compiler/node_modules/core-js/modules/es6.typed.uint32-array.js' => [Object],
        '/Users/youku/workspace/github/get-umi-webpack-compiler/node_modules/core-js/modules/es6.typed.float32-array.js' => [Object],
        '/Users/youku/workspace/github/get-umi-webpack-compiler/node_modules/core-js/modules/es6.typed.float64-array.js' => [Object],
        '/Users/youku/workspace/github/get-umi-webpack-compiler/node_modules/core-js/modules/es6.weak-map.js' => [Object],
        '/Users/youku/workspace/github/get-umi-webpack-compiler/node_modules/core-js/modules/es6.weak-set.js' => [Object],
        '/Users/youku/workspace/github/get-umi-webpack-compiler/node_modules/core-js/modules/web.timers.js' => [Object],
        '/Users/youku/workspace/github/get-umi-webpack-compiler/node_modules/core-js/modules/web.immediate.js' => [Object],
        '/Users/youku/workspace/github/get-umi-webpack-compiler/node_modules/core-js/modules/web.dom.iterable.js' => [Object],
        '/Users/youku/workspace/github/get-umi-webpack-compiler/node_modules/umi-build-dev/node_modules/react/cjs/react.production.min.js' => [Object],
        '/Users/youku/workspace/github/get-umi-webpack-compiler/node_modules/mini-css-extract-plugin/dist/loader.js??ref--16-0!/Users/youku/workspace/github/get-umi-webpack-compiler/node_modules/css-loader/index.js??ref--16-1!/Users/youku/workspace/github/get-umi-webpack-compiler/node_modules/postcss-loader/src/index.js??postcss!/Users/youku/workspace/github/get-umi-webpack-compiler/src/layouts/index.css' => [Object],
        '/Users/youku/workspace/github/get-umi-webpack-compiler/node_modules/umi-build-dev/node_modules/react-dom/cjs/react-dom.production.min.js' => [Object],
        '/Users/youku/workspace/github/get-umi-webpack-compiler/node_modules/umi/lib/utils.js' => [Object],
        '/Users/youku/workspace/github/get-umi-webpack-compiler/node_modules/lodash/isPlainObject.js' => [Object],
        'css /Users/youku/workspace/github/get-umi-webpack-compiler/node_modules/css-loader/index.js??ref--16-1!/Users/youku/workspace/github/get-umi-webpack-compiler/node_modules/postcss-loader/src/index.js??postcss!/Users/youku/workspace/github/get-umi-webpack-compiler/src/layouts/index.css 0' => [Object],
        '/Users/youku/workspace/github/get-umi-webpack-compiler/node_modules/node-libs-browser/mock/process.js' => [Object],
        '/Users/youku/workspace/github/get-umi-webpack-compiler/node_modules/umi-history/createBrowserHistory.js' => [Object],
        '/Users/youku/workspace/github/get-umi-webpack-compiler/node_modules/node-libs-browser/node_modules/util/support/isBufferBrowser.js' => [Object],
        '/Users/youku/workspace/github/get-umi-webpack-compiler/node_modules/core-js/modules/_ctx.js' => [Object],
        '/Users/youku/workspace/github/get-umi-webpack-compiler/node_modules/core-js/modules/_export.js' => [Object],
        '/Users/youku/workspace/github/get-umi-webpack-compiler/node_modules/core-js/modules/_iter-call.js' => [Object],
        '/Users/youku/workspace/github/get-umi-webpack-compiler/node_modules/core-js/modules/_to-object.js' => [Object],
        '/Users/youku/workspace/github/get-umi-webpack-compiler/node_modules/core-js/modules/_is-array-iter.js' => [Object],
        '/Users/youku/workspace/github/get-umi-webpack-compiler/node_modules/core-js/modules/_to-length.js' => [Object],
        '/Users/youku/workspace/github/get-umi-webpack-compiler/node_modules/core-js/modules/_create-property.js' => [Object],
        '/Users/youku/workspace/github/get-umi-webpack-compiler/node_modules/core-js/modules/core.get-iterator-method.js' => [Object],
        '/Users/youku/workspace/github/get-umi-webpack-compiler/node_modules/core-js/modules/_iter-detect.js' => [Object],
        '/Users/youku/workspace/github/get-umi-webpack-compiler/node_modules/core-js/modules/_array-includes.js' => [Object],
        '/Users/youku/workspace/github/get-umi-webpack-compiler/node_modules/core-js/modules/_add-to-unscopables.js' => [Object],
        '/Users/youku/workspace/github/get-umi-webpack-compiler/node_modules/core-js/modules/_a-function.js' => [Object],
        '/Users/youku/workspace/github/get-umi-webpack-compiler/node_modules/core-js/modules/_fails.js' => [Object],
        '/Users/youku/workspace/github/get-umi-webpack-compiler/node_modules/core-js/modules/_strict-method.js' => [Object],
        '/Users/youku/workspace/github/get-umi-webpack-compiler/node_modules/core-js/modules/_set-species.js' => [Object],
        '/Users/youku/workspace/github/get-umi-webpack-compiler/node_modules/core-js/modules/_wks.js' => [Object],
        '/Users/youku/workspace/github/get-umi-webpack-compiler/node_modules/core-js/modules/_hide.js' => [Object],
        '/Users/youku/workspace/github/get-umi-webpack-compiler/node_modules/core-js/modules/_date-to-primitive.js' => [Object],
        '/Users/youku/workspace/github/get-umi-webpack-compiler/node_modules/core-js/modules/_is-object.js' => [Object],
        '/Users/youku/workspace/github/get-umi-webpack-compiler/node_modules/core-js/modules/_object-gpo.js' => [Object],
        '/Users/youku/workspace/github/get-umi-webpack-compiler/node_modules/core-js/modules/_object-dp.js' => [Object],
        '/Users/youku/workspace/github/get-umi-webpack-compiler/node_modules/core-js/modules/_collection-strong.js' => [Object],
        '/Users/youku/workspace/github/get-umi-webpack-compiler/node_modules/core-js/modules/_validate-collection.js' => [Object],
        '/Users/youku/workspace/github/get-umi-webpack-compiler/node_modules/core-js/modules/_collection.js' => [Object],
        '/Users/youku/workspace/github/get-umi-webpack-compiler/node_modules/core-js/modules/_descriptors.js' => [Object],
        '/Users/youku/workspace/github/get-umi-webpack-compiler/node_modules/core-js/modules/_object-forced-pam.js' => [Object],
        '/Users/youku/workspace/github/get-umi-webpack-compiler/node_modules/core-js/modules/_object-to-array.js' => [Object],
        '/Users/youku/workspace/github/get-umi-webpack-compiler/node_modules/core-js/modules/_own-keys.js' => [Object],
        '/Users/youku/workspace/github/get-umi-webpack-compiler/node_modules/core-js/modules/_to-iobject.js' => [Object],
        '/Users/youku/workspace/github/get-umi-webpack-compiler/node_modules/core-js/modules/_object-gopd.js' => [Object],
        '/Users/youku/workspace/github/get-umi-webpack-compiler/node_modules/core-js/modules/_to-primitive.js' => [Object],
        '/Users/youku/workspace/github/get-umi-webpack-compiler/node_modules/core-js/modules/_library.js' => [Object],
        '/Users/youku/workspace/github/get-umi-webpack-compiler/node_modules/core-js/modules/_an-object.js' => [Object],
        '/Users/youku/workspace/github/get-umi-webpack-compiler/node_modules/core-js/modules/_is-regexp.js' => [Object],
        '/Users/youku/workspace/github/get-umi-webpack-compiler/node_modules/core-js/modules/_global.js' => [Object],
        '/Users/youku/workspace/github/get-umi-webpack-compiler/node_modules/core-js/modules/_wks-define.js' => [Object],
        '/Users/youku/workspace/github/get-umi-webpack-compiler/node_modules/core-js/modules/_typed-array.js' => [Object],
        '/Users/youku/workspace/github/get-umi-webpack-compiler/node_modules/core-js/modules/_array-methods.js' => [Object],
        '/Users/youku/workspace/github/get-umi-webpack-compiler/node_modules/core-js/modules/_collection-weak.js' => [Object],
        '/Users/youku/workspace/github/get-umi-webpack-compiler/node_modules/core-js/modules/es6.array.iterator.js' => [Object],
        '/Users/youku/workspace/github/get-umi-webpack-compiler/node_modules/react-router-dom/es/index.js' => [Object],
        '/Users/youku/workspace/github/get-umi-webpack-compiler/node_modules/path-browserify/index.js' => [Object],
        '/Users/youku/workspace/github/get-umi-webpack-compiler/node_modules/core-js/modules/_iterators.js' => [Object],
        '/Users/youku/workspace/github/get-umi-webpack-compiler/node_modules/lodash/_baseGetTag.js' => [Object],
        '/Users/youku/workspace/github/get-umi-webpack-compiler/node_modules/react-loadable/lib/index.js' => [Object],
        '/Users/youku/workspace/github/get-umi-webpack-compiler/node_modules/umi-history/DOMUtils.js' => [Object],
        '/Users/youku/workspace/github/get-umi-webpack-compiler/node_modules/umi-history/createTransitionManager.js' => [Object],
        '/Users/youku/workspace/github/get-umi-webpack-compiler/node_modules/umi-history/PathUtils.js' => [Object],
        '/Users/youku/workspace/github/get-umi-webpack-compiler/node_modules/umi-history/LocationUtils.js' => [Object],
        '/Users/youku/workspace/github/get-umi-webpack-compiler/node_modules/lodash/isObjectLike.js' => [Object],
        '/Users/youku/workspace/github/get-umi-webpack-compiler/node_modules/core-js/modules/_redefine.js' => [Object],
        '/Users/youku/workspace/github/get-umi-webpack-compiler/node_modules/lodash/_getPrototype.js' => [Object],
        '/Users/youku/workspace/github/get-umi-webpack-compiler/node_modules/core-js/modules/_object-keys.js' => [Object],
        '/Users/youku/workspace/github/get-umi-webpack-compiler/node_modules/core-js/modules/_task.js' => [Object],
        '/Users/youku/workspace/github/get-umi-webpack-compiler/node_modules/core-js/modules/_user-agent.js' => [Object],
        '/Users/youku/workspace/github/get-umi-webpack-compiler/node_modules/core-js/modules/_object-assign.js' => [Object],
        '/Users/youku/workspace/github/get-umi-webpack-compiler/node_modules/core-js/modules/_meta.js' => [Object],
        '/Users/youku/workspace/github/get-umi-webpack-compiler/node_modules/core-js/modules/_species-constructor.js' => [Object],
        '/Users/youku/workspace/github/get-umi-webpack-compiler/node_modules/core-js/modules/_to-absolute-index.js' => [Object],
        '/Users/youku/workspace/github/get-umi-webpack-compiler/node_modules/core-js/modules/_typed-buffer.js' => [Object],
        '/Users/youku/workspace/github/get-umi-webpack-compiler/node_modules/core-js/modules/_typed.js' => [Object],
        '/Users/youku/workspace/github/get-umi-webpack-compiler/node_modules/core-js/modules/_string-pad.js' => [Object],
        '/Users/youku/workspace/github/get-umi-webpack-compiler/node_modules/core-js/modules/_object-gops.js' => [Object],
        '/Users/youku/workspace/github/get-umi-webpack-compiler/node_modules/core-js/modules/_object-pie.js' => [Object],
        '/Users/youku/workspace/github/get-umi-webpack-compiler/node_modules/core-js/modules/_object-gopn.js' => [Object],
        '/Users/youku/workspace/github/get-umi-webpack-compiler/node_modules/core-js/modules/_object-gopn-ext.js' => [Object],
        '/Users/youku/workspace/github/get-umi-webpack-compiler/node_modules/core-js/modules/_object-create.js' => [Object],
        '/Users/youku/workspace/github/get-umi-webpack-compiler/node_modules/core-js/modules/_property-desc.js' => [Object],
        '/Users/youku/workspace/github/get-umi-webpack-compiler/node_modules/core-js/modules/_is-array.js' => [Object],
        '/Users/youku/workspace/github/get-umi-webpack-compiler/node_modules/core-js/modules/_enum-keys.js' => [Object],
        '/Users/youku/workspace/github/get-umi-webpack-compiler/node_modules/core-js/modules/_wks-ext.js' => [Object],
        '/Users/youku/workspace/github/get-umi-webpack-compiler/node_modules/core-js/modules/_uid.js' => [Object],
        '/Users/youku/workspace/github/get-umi-webpack-compiler/node_modules/core-js/modules/_set-to-string-tag.js' => [Object],
        '/Users/youku/workspace/github/get-umi-webpack-compiler/node_modules/core-js/modules/_shared.js' => [Object],
        '/Users/youku/workspace/github/get-umi-webpack-compiler/node_modules/core-js/modules/_has.js' => [Object],
        '/Users/youku/workspace/github/get-umi-webpack-compiler/node_modules/core-js/modules/_flags.js' => [Object],
        '/Users/youku/workspace/github/get-umi-webpack-compiler/node_modules/core-js/modules/_fix-re-wks.js' => [Object],
        '/Users/youku/workspace/github/get-umi-webpack-compiler/node_modules/core-js/modules/_same-value.js' => [Object],
        '/Users/youku/workspace/github/get-umi-webpack-compiler/node_modules/core-js/modules/_regexp-exec-abstract.js' => [Object],
        '/Users/youku/workspace/github/get-umi-webpack-compiler/node_modules/core-js/modules/_regexp-exec.js' => [Object],
        '/Users/youku/workspace/github/get-umi-webpack-compiler/node_modules/core-js/modules/_advance-string-index.js' => [Object],
        '/Users/youku/workspace/github/get-umi-webpack-compiler/node_modules/inherits/inherits_browser.js' => [Object],
        '/Users/youku/workspace/github/get-umi-webpack-compiler/node_modules/core-js/modules/_core.js' => [Object],
        '/Users/youku/workspace/github/get-umi-webpack-compiler/node_modules/core-js/modules/_to-integer.js' => [Object],
        '/Users/youku/workspace/github/get-umi-webpack-compiler/node_modules/core-js/modules/_defined.js' => [Object],
        '/Users/youku/workspace/github/get-umi-webpack-compiler/node_modules/core-js/modules/_classof.js' => [Object],
        '/Users/youku/workspace/github/get-umi-webpack-compiler/node_modules/core-js/modules/_promise-resolve.js' => [Object],
        '/Users/youku/workspace/github/get-umi-webpack-compiler/node_modules/core-js/modules/_ie8-dom-define.js' => [Object],
        '/Users/youku/workspace/github/get-umi-webpack-compiler/node_modules/core-js/modules/_iter-step.js' => [Object],
        '/Users/youku/workspace/github/get-umi-webpack-compiler/node_modules/core-js/modules/_inherit-if-required.js' => [Object],
        '/Users/youku/workspace/github/get-umi-webpack-compiler/node_modules/core-js/modules/_an-instance.js' => [Object],
        '/Users/youku/workspace/github/get-umi-webpack-compiler/node_modules/core-js/modules/_iobject.js' => [Object],
        '/Users/youku/workspace/github/get-umi-webpack-compiler/node_modules/core-js/modules/_cof.js' => [Object],
        '/Users/youku/workspace/github/get-umi-webpack-compiler/node_modules/core-js/modules/_array-copy-within.js' => [Object],
        '/Users/youku/workspace/github/get-umi-webpack-compiler/node_modules/core-js/modules/_redefine-all.js' => [Object],
        '/Users/youku/workspace/github/get-umi-webpack-compiler/node_modules/core-js/modules/_array-species-create.js' => [Object],
        '/Users/youku/workspace/github/get-umi-webpack-compiler/node_modules/core-js/modules/_iter-define.js' => [Object],
        '/Users/youku/workspace/github/get-umi-webpack-compiler/node_modules/react-router-dom/es/BrowserRouter.js' => [Object],
        '/Users/youku/workspace/github/get-umi-webpack-compiler/node_modules/react-router-dom/es/withRouter.js' => [Object],
        '/Users/youku/workspace/github/get-umi-webpack-compiler/node_modules/react-router-dom/es/matchPath.js' => [Object],
        '/Users/youku/workspace/github/get-umi-webpack-compiler/node_modules/lodash/_Symbol.js' => [Object],
        '/Users/youku/workspace/github/get-umi-webpack-compiler/node_modules/lodash/_objectToString.js' => [Object],
        '/Users/youku/workspace/github/get-umi-webpack-compiler/node_modules/lodash/_getRawTag.js' => [Object],
        '/Users/youku/workspace/github/get-umi-webpack-compiler/node_modules/react-router-dom/es/generatePath.js' => [Object],
        '/Users/youku/workspace/github/get-umi-webpack-compiler/node_modules/react-router-dom/es/Switch.js' => [Object],
        '/Users/youku/workspace/github/get-umi-webpack-compiler/node_modules/react-router-dom/es/StaticRouter.js' => [Object],
        '/Users/youku/workspace/github/get-umi-webpack-compiler/node_modules/react-router-dom/es/Router.js' => [Object],
        '/Users/youku/workspace/github/get-umi-webpack-compiler/node_modules/react-router-dom/es/Route.js' => [Object],
        '/Users/youku/workspace/github/get-umi-webpack-compiler/node_modules/react-router-dom/es/Redirect.js' => [Object],
        '/Users/youku/workspace/github/get-umi-webpack-compiler/node_modules/react-router-dom/es/Prompt.js' => [Object],
        '/Users/youku/workspace/github/get-umi-webpack-compiler/node_modules/react-router-dom/es/NavLink.js' => [Object],
        '/Users/youku/workspace/github/get-umi-webpack-compiler/node_modules/react-router-dom/es/MemoryRouter.js' => [Object],
        '/Users/youku/workspace/github/get-umi-webpack-compiler/node_modules/react-router-dom/es/Link.js' => [Object],
        '/Users/youku/workspace/github/get-umi-webpack-compiler/node_modules/react-router-dom/es/HashRouter.js' => [Object],
        '/Users/youku/workspace/github/get-umi-webpack-compiler/node_modules/core-js/modules/_for-of.js' => [Object],
        '/Users/youku/workspace/github/get-umi-webpack-compiler/node_modules/core-js/modules/_array-fill.js' => [Object],
        '/Users/youku/workspace/github/get-umi-webpack-compiler/node_modules/core-js/modules/_to-index.js' => [Object],
        '/Users/youku/workspace/github/get-umi-webpack-compiler/node_modules/core-js/modules/_shared-key.js' => [Object],
        '/Users/youku/workspace/github/get-umi-webpack-compiler/node_modules/core-js/modules/_perform.js' => [Object],
        '/Users/youku/workspace/github/get-umi-webpack-compiler/node_modules/core-js/modules/_new-promise-capability.js' => [Object],
        '/Users/youku/workspace/github/get-umi-webpack-compiler/node_modules/lodash/_overArg.js' => [Object],
        '/Users/youku/workspace/github/get-umi-webpack-compiler/node_modules/core-js/modules/_object-keys-internal.js' => [Object],
        '/Users/youku/workspace/github/get-umi-webpack-compiler/node_modules/core-js/modules/_dom-create.js' => [Object],
        '/Users/youku/workspace/github/get-umi-webpack-compiler/node_modules/core-js/modules/_html.js' => [Object],
        '/Users/youku/workspace/github/get-umi-webpack-compiler/node_modules/core-js/modules/_invoke.js' => [Object],
        '/Users/youku/workspace/github/get-umi-webpack-compiler/node_modules/core-js/modules/_enum-bug-keys.js' => [Object],
        '/Users/youku/workspace/github/get-umi-webpack-compiler/node_modules/core-js/modules/_microtask.js' => [Object],
        '/Users/youku/workspace/github/get-umi-webpack-compiler/node_modules/core-js/modules/_string-repeat.js' => [Object],
        '/Users/youku/workspace/github/get-umi-webpack-compiler/node_modules/core-js/modules/_object-dps.js' => [Object],
        '/Users/youku/workspace/github/get-umi-webpack-compiler/node_modules/core-js/modules/es6.regexp.exec.js' => [Object],
        '/Users/youku/workspace/github/get-umi-webpack-compiler/node_modules/core-js/modules/_string-at.js' => [Object],
        '/Users/youku/workspace/github/get-umi-webpack-compiler/node_modules/warning/warning.js' => [Object],
        '/Users/youku/workspace/github/get-umi-webpack-compiler/node_modules/umi-build-dev/node_modules/scheduler/index.js' => [Object],
        '/Users/youku/workspace/github/get-umi-webpack-compiler/node_modules/umi-history/node_modules/warning/browser.js' => [Object],
        '/Users/youku/workspace/github/get-umi-webpack-compiler/node_modules/object-assign/index.js' => [Object],
        '/Users/youku/workspace/github/get-umi-webpack-compiler/node_modules/core-js/modules/_set-proto.js' => [Object],
        '/Users/youku/workspace/github/get-umi-webpack-compiler/node_modules/core-js/modules/_array-species-constructor.js' => [Object],
        '/Users/youku/workspace/github/get-umi-webpack-compiler/node_modules/core-js/modules/_iter-create.js' => [Object],
        '/Users/youku/workspace/github/get-umi-webpack-compiler/node_modules/invariant/browser.js' => [Object],
        '/Users/youku/workspace/github/get-umi-webpack-compiler/node_modules/lodash/_root.js' => [Object],
        '/Users/youku/workspace/github/get-umi-webpack-compiler/node_modules/umi-build-dev/node_modules/scheduler/cjs/scheduler.production.min.js' => [Object],
        '/Users/youku/workspace/github/get-umi-webpack-compiler/node_modules/react-router/es/withRouter.js' => [Object],
        '/Users/youku/workspace/github/get-umi-webpack-compiler/node_modules/react-router/es/matchPath.js' => [Object],
        '/Users/youku/workspace/github/get-umi-webpack-compiler/node_modules/react-router/es/generatePath.js' => [Object],
        '/Users/youku/workspace/github/get-umi-webpack-compiler/node_modules/react-router/es/Switch.js' => [Object],
        '/Users/youku/workspace/github/get-umi-webpack-compiler/node_modules/react-router/es/StaticRouter.js' => [Object],
        '/Users/youku/workspace/github/get-umi-webpack-compiler/node_modules/react-router/es/Router.js' => [Object],
        '/Users/youku/workspace/github/get-umi-webpack-compiler/node_modules/react-router/es/Redirect.js' => [Object],
        '/Users/youku/workspace/github/get-umi-webpack-compiler/node_modules/react-router/es/Route.js' => [Object],
        '/Users/youku/workspace/github/get-umi-webpack-compiler/node_modules/react-router/es/Prompt.js' => [Object],
        '/Users/youku/workspace/github/get-umi-webpack-compiler/node_modules/react-router/es/MemoryRouter.js' => [Object],
        '/Users/youku/workspace/github/get-umi-webpack-compiler/node_modules/prop-types/index.js' => [Object],
        '/Users/youku/workspace/github/get-umi-webpack-compiler/node_modules/resolve-pathname/index.js' => [Object],
        '/Users/youku/workspace/github/get-umi-webpack-compiler/node_modules/value-equal/index.js' => [Object],
        '/Users/youku/workspace/github/get-umi-webpack-compiler/node_modules/umi-history/es/index.js' => [Object],
        '/Users/youku/workspace/github/get-umi-webpack-compiler/node_modules/lodash/_freeGlobal.js' => [Object],
        '/Users/youku/workspace/github/get-umi-webpack-compiler/node_modules/umi-history/node_modules/query-string/index.js' => [Object],
        '/Users/youku/workspace/github/get-umi-webpack-compiler/node_modules/prop-types/factoryWithThrowingShims.js' => [Object],
        '/Users/youku/workspace/github/get-umi-webpack-compiler/node_modules/umi-history/es/createBrowserHistory.js' => [Object],
        '/Users/youku/workspace/github/get-umi-webpack-compiler/node_modules/umi-history/es/createHashHistory.js' => [Object],
        '/Users/youku/workspace/github/get-umi-webpack-compiler/node_modules/umi-history/es/createMemoryHistory.js' => [Object],
        '/Users/youku/workspace/github/get-umi-webpack-compiler/node_modules/umi-history/es/LocationUtils.js' => [Object],
        '/Users/youku/workspace/github/get-umi-webpack-compiler/node_modules/umi-history/es/PathUtils.js' => [Object],
        '/Users/youku/workspace/github/get-umi-webpack-compiler/node_modules/path-to-regexp/index.js' => [Object],
        '/Users/youku/workspace/github/get-umi-webpack-compiler/node_modules/hoist-non-react-statics/dist/hoist-non-react-statics.cjs.js' => [Object],
        '/Users/youku/workspace/github/get-umi-webpack-compiler/node_modules/prop-types/lib/ReactPropTypesSecret.js' => [Object],
        '/Users/youku/workspace/github/get-umi-webpack-compiler/node_modules/umi-history/es/createTransitionManager.js' => [Object],
        '/Users/youku/workspace/github/get-umi-webpack-compiler/node_modules/umi-history/es/DOMUtils.js' => [Object],
        '/Users/youku/workspace/github/get-umi-webpack-compiler/node_modules/strict-uri-encode/index.js' => [Object],
        '/Users/youku/workspace/github/get-umi-webpack-compiler/node_modules/decode-uri-component/index.js' => [Object],
        '/Users/youku/workspace/github/get-umi-webpack-compiler/node_modules/path-to-regexp/node_modules/isarray/index.js' => [Object] },
     cache: null,
     records: 
      { 'mini-css-extract-plugin node_modules/css-loader/index.js??ref--16-1!node_modules/postcss-loader/src/index.js??postcss!src/pages/index.css': [Array],
        'mini-css-extract-plugin node_modules/css-loader/index.js??ref--15-1!node_modules/postcss-loader/src/index.js??postcss!src/global.css': [Array],
        'mini-css-extract-plugin node_modules/css-loader/index.js??ref--16-1!node_modules/postcss-loader/src/index.js??postcss!src/layouts/index.css': [Array],
        modules: [Object],
        chunks: [Object] },
     additionalChunkAssets: [],
     assets: 
      { 'static/yay.44dd3333.jpg': [Object],
        'app1.css': [Object],
        'app1.js': [Object],
        'layouts__index.chunk.css': [Object],
        'layouts__index.async.js': [Object],
        'p__index.chunk.css': [Object],
        'p__index.async.js': [Object],
        'umi.css': [Object],
        'umi.js': [Object] },
     errors: [],
     warnings: [],
     children: [ [Object], [Object], [Object] ],
     dependencyFactories: 
      Map {
        [Function: CssDependency] => CssModuleFactory {},
        [Object] => NullFactory {},
        [Function: WebAssemblyImportDependency] => [Object],
        [Function: WebAssemblyExportImportedDependency] => [Object],
        [Function: MultiEntryDependency] => [Object],
        [Function: SingleEntryDependency] => [Object],
        [Object] => NullFactory {},
        [Object] => NullFactory {},
        [Object] => NullFactory {},
        [Object] => [Object],
        [Object] => [Object],
        [Object] => NullFactory {},
        [Object] => NullFactory {},
        [Object] => NullFactory {},
        [Object] => [Object],
        [Object] => NullFactory {},
        [Object] => [Object],
        [Object] => NullFactory {},
        [Object] => [Object],
        [Object] => NullFactory {},
        [Object] => [Object],
        [Object] => NullFactory {},
        [Object] => NullFactory {},
        [Object] => NullFactory {},
        [Object] => [Object],
        [Object] => [Object],
        [Object] => [Object],
        [Object] => [Object],
        [Object] => NullFactory {},
        [Object] => NullFactory {},
        [Function: LoaderDependency] => [Object],
        [Object] => [Object],
        [Object] => [Object],
        [Object] => NullFactory {},
        [Object] => [Object],
        [Function: ContextElementDependency] => [Object],
        [Object] => [Object],
        [Object] => [Object],
        [Object] => [Object],
        [Object] => [Object] },
     dependencyTemplates: 
      Map {
        'hash' => '',
        [Function: CssDependency] => CssDependencyTemplate {},
        [Object] => ConstDependencyTemplate {},
        [Object] => ConstDependencyTemplate {},
        [Object] => HarmonyExportDependencyTemplate {},
        [Object] => HarmonyInitDependencyTemplate {},
        [Object] => HarmonyImportSideEffectDependencyTemplate {},
        [Object] => HarmonyImportSpecifierDependencyTemplate {},
        [Object] => HarmonyExportDependencyTemplate {},
        [Object] => HarmonyExportDependencyTemplate {},
        [Object] => HarmonyExportSpecifierDependencyTemplate {},
        [Object] => HarmonyExportImportedSpecifierDependencyTemplate {},
        [Object] => HarmonyAcceptDependencyTemplate {},
        [Object] => HarmonyAcceptImportDependencyTemplate {},
        [Object] => AMDRequireDependencyTemplate {},
        [Object] => ModuleDependencyTemplateAsRequireId {},
        [Object] => AMDRequireArrayDependencyTemplate {},
        [Object] => ContextDependencyTemplateAsRequireCall {},
        [Object] => AMDDefineDependencyTemplate {},
        [Object] => UnsupportedDependencyTemplate {},
        [Object] => LocalModuleDependencyTemplate {},
        [Object] => ModuleDependencyTemplateAsId {},
        [Object] => ContextDependencyTemplateAsRequireCall {},
        [Object] => ModuleDependencyTemplateAsId {},
        [Object] => ContextDependencyTemplateAsId {},
        [Object] => RequireResolveHeaderDependencyTemplate {},
        [Object] => RequireHeaderDependencyTemplate {},
        [Object] => RequireIncludeDependencyTemplate {},
        [Object] => NullDependencyTemplate {},
        [Object] => RequireEnsureDependencyTemplate {},
        [Object] => ModuleDependencyTemplateAsRequireId {},
        [Object] => ImportDependencyTemplate {},
        [Object] => ImportEagerDependencyTemplate {},
        [Object] => ImportDependencyTemplate {},
        [Object] => ContextDependencyTemplateAsRequireCall {} },
     childrenCounters: 
      { 'mini-css-extract-plugin /Users/youku/workspace/github/get-umi-webpack-compiler/node_modules/css-loader/index.js??ref--16-1!/Users/youku/workspace/github/get-umi-webpack-compiler/node_modules/postcss-loader/src/index.js??postcss!/Users/youku/workspace/github/get-umi-webpack-compiler/src/pages/index.css': 1,
        'mini-css-extract-plugin /Users/youku/workspace/github/get-umi-webpack-compiler/node_modules/css-loader/index.js??ref--15-1!/Users/youku/workspace/github/get-umi-webpack-compiler/node_modules/postcss-loader/src/index.js??postcss!/Users/youku/workspace/github/get-umi-webpack-compiler/src/global.css': 1,
        'mini-css-extract-plugin /Users/youku/workspace/github/get-umi-webpack-compiler/node_modules/css-loader/index.js??ref--16-1!/Users/youku/workspace/github/get-umi-webpack-compiler/node_modules/postcss-loader/src/index.js??postcss!/Users/youku/workspace/github/get-umi-webpack-compiler/src/layouts/index.css': 1 },
     usedChunkIds: null,
     usedModuleIds: null,
     fileTimestamps: Map {},
     contextTimestamps: Map {},
     compilationDependencies: Set {},
     _buildingModules: Map {},
     _rebuildingModules: Map {},
     fullHash: '5ebd68eb10b06f5a2e76dcaeaf00c9cb',
     hash: '5ebd68eb10b06f5a2e76',
     fileDependencies: 
      SortableSet {
        '/Users/youku/workspace/github/get-umi-webpack-compiler/node_modules/assert/assert.js',
        '/Users/youku/workspace/github/get-umi-webpack-compiler/node_modules/core-js/modules/_a-function.js',
        '/Users/youku/workspace/github/get-umi-webpack-compiler/node_modules/core-js/modules/_add-to-unscopables.js',
        '/Users/youku/workspace/github/get-umi-webpack-compiler/node_modules/core-js/modules/_advance-string-index.js',
        '/Users/youku/workspace/github/get-umi-webpack-compiler/node_modules/core-js/modules/_an-instance.js',
        '/Users/youku/workspace/github/get-umi-webpack-compiler/node_modules/core-js/modules/_an-object.js',
        '/Users/youku/workspace/github/get-umi-webpack-compiler/node_modules/core-js/modules/_array-copy-within.js',
        '/Users/youku/workspace/github/get-umi-webpack-compiler/node_modules/core-js/modules/_array-fill.js',
        '/Users/youku/workspace/github/get-umi-webpack-compiler/node_modules/core-js/modules/_array-includes.js',
        '/Users/youku/workspace/github/get-umi-webpack-compiler/node_modules/core-js/modules/_array-methods.js',
        '/Users/youku/workspace/github/get-umi-webpack-compiler/node_modules/core-js/modules/_array-species-constructor.js',
        '/Users/youku/workspace/github/get-umi-webpack-compiler/node_modules/core-js/modules/_array-species-create.js',
        '/Users/youku/workspace/github/get-umi-webpack-compiler/node_modules/core-js/modules/_classof.js',
        '/Users/youku/workspace/github/get-umi-webpack-compiler/node_modules/core-js/modules/_cof.js',
        '/Users/youku/workspace/github/get-umi-webpack-compiler/node_modules/core-js/modules/_collection-strong.js',
        '/Users/youku/workspace/github/get-umi-webpack-compiler/node_modules/core-js/modules/_collection-weak.js',
        '/Users/youku/workspace/github/get-umi-webpack-compiler/node_modules/core-js/modules/_collection.js',
        '/Users/youku/workspace/github/get-umi-webpack-compiler/node_modules/core-js/modules/_core.js',
        '/Users/youku/workspace/github/get-umi-webpack-compiler/node_modules/core-js/modules/_create-property.js',
        '/Users/youku/workspace/github/get-umi-webpack-compiler/node_modules/core-js/modules/_ctx.js',
        '/Users/youku/workspace/github/get-umi-webpack-compiler/node_modules/core-js/modules/_date-to-primitive.js',
        '/Users/youku/workspace/github/get-umi-webpack-compiler/node_modules/core-js/modules/_defined.js',
        '/Users/youku/workspace/github/get-umi-webpack-compiler/node_modules/core-js/modules/_descriptors.js',
        '/Users/youku/workspace/github/get-umi-webpack-compiler/node_modules/core-js/modules/_dom-create.js',
        '/Users/youku/workspace/github/get-umi-webpack-compiler/node_modules/core-js/modules/_enum-bug-keys.js',
        '/Users/youku/workspace/github/get-umi-webpack-compiler/node_modules/core-js/modules/_enum-keys.js',
        '/Users/youku/workspace/github/get-umi-webpack-compiler/node_modules/core-js/modules/_export.js',
        '/Users/youku/workspace/github/get-umi-webpack-compiler/node_modules/core-js/modules/_fails.js',
        '/Users/youku/workspace/github/get-umi-webpack-compiler/node_modules/core-js/modules/_fix-re-wks.js',
        '/Users/youku/workspace/github/get-umi-webpack-compiler/node_modules/core-js/modules/_flags.js',
        '/Users/youku/workspace/github/get-umi-webpack-compiler/node_modules/core-js/modules/_for-of.js',
        '/Users/youku/workspace/github/get-umi-webpack-compiler/node_modules/core-js/modules/_global.js',
        '/Users/youku/workspace/github/get-umi-webpack-compiler/node_modules/core-js/modules/_has.js',
        '/Users/youku/workspace/github/get-umi-webpack-compiler/node_modules/core-js/modules/_hide.js',
        '/Users/youku/workspace/github/get-umi-webpack-compiler/node_modules/core-js/modules/_html.js',
        '/Users/youku/workspace/github/get-umi-webpack-compiler/node_modules/core-js/modules/_ie8-dom-define.js',
        '/Users/youku/workspace/github/get-umi-webpack-compiler/node_modules/core-js/modules/_inherit-if-required.js',
        '/Users/youku/workspace/github/get-umi-webpack-compiler/node_modules/core-js/modules/_invoke.js',
        '/Users/youku/workspace/github/get-umi-webpack-compiler/node_modules/core-js/modules/_iobject.js',
        '/Users/youku/workspace/github/get-umi-webpack-compiler/node_modules/core-js/modules/_is-array-iter.js',
        '/Users/youku/workspace/github/get-umi-webpack-compiler/node_modules/core-js/modules/_is-array.js',
        '/Users/youku/workspace/github/get-umi-webpack-compiler/node_modules/core-js/modules/_is-object.js',
        '/Users/youku/workspace/github/get-umi-webpack-compiler/node_modules/core-js/modules/_is-regexp.js',
        '/Users/youku/workspace/github/get-umi-webpack-compiler/node_modules/core-js/modules/_iter-call.js',
        '/Users/youku/workspace/github/get-umi-webpack-compiler/node_modules/core-js/modules/_iter-create.js',
        '/Users/youku/workspace/github/get-umi-webpack-compiler/node_modules/core-js/modules/_iter-define.js',
        '/Users/youku/workspace/github/get-umi-webpack-compiler/node_modules/core-js/modules/_iter-detect.js',
        '/Users/youku/workspace/github/get-umi-webpack-compiler/node_modules/core-js/modules/_iter-step.js',
        '/Users/youku/workspace/github/get-umi-webpack-compiler/node_modules/core-js/modules/_iterators.js',
        '/Users/youku/workspace/github/get-umi-webpack-compiler/node_modules/core-js/modules/_library.js',
        '/Users/youku/workspace/github/get-umi-webpack-compiler/node_modules/core-js/modules/_meta.js',
        '/Users/youku/workspace/github/get-umi-webpack-compiler/node_modules/core-js/modules/_microtask.js',
        '/Users/youku/workspace/github/get-umi-webpack-compiler/node_modules/core-js/modules/_new-promise-capability.js',
        '/Users/youku/workspace/github/get-umi-webpack-compiler/node_modules/core-js/modules/_object-assign.js',
        '/Users/youku/workspace/github/get-umi-webpack-compiler/node_modules/core-js/modules/_object-create.js',
        '/Users/youku/workspace/github/get-umi-webpack-compiler/node_modules/core-js/modules/_object-dp.js',
        '/Users/youku/workspace/github/get-umi-webpack-compiler/node_modules/core-js/modules/_object-dps.js',
        '/Users/youku/workspace/github/get-umi-webpack-compiler/node_modules/core-js/modules/_object-forced-pam.js',
        '/Users/youku/workspace/github/get-umi-webpack-compiler/node_modules/core-js/modules/_object-gopd.js',
        '/Users/youku/workspace/github/get-umi-webpack-compiler/node_modules/core-js/modules/_object-gopn-ext.js',
        '/Users/youku/workspace/github/get-umi-webpack-compiler/node_modules/core-js/modules/_object-gopn.js',
        '/Users/youku/workspace/github/get-umi-webpack-compiler/node_modules/core-js/modules/_object-gops.js',
        '/Users/youku/workspace/github/get-umi-webpack-compiler/node_modules/core-js/modules/_object-gpo.js',
        '/Users/youku/workspace/github/get-umi-webpack-compiler/node_modules/core-js/modules/_object-keys-internal.js',
        '/Users/youku/workspace/github/get-umi-webpack-compiler/node_modules/core-js/modules/_object-keys.js',
        '/Users/youku/workspace/github/get-umi-webpack-compiler/node_modules/core-js/modules/_object-pie.js',
        '/Users/youku/workspace/github/get-umi-webpack-compiler/node_modules/core-js/modules/_object-to-array.js',
        '/Users/youku/workspace/github/get-umi-webpack-compiler/node_modules/core-js/modules/_own-keys.js',
        '/Users/youku/workspace/github/get-umi-webpack-compiler/node_modules/core-js/modules/_perform.js',
        '/Users/youku/workspace/github/get-umi-webpack-compiler/node_modules/core-js/modules/_promise-resolve.js',
        '/Users/youku/workspace/github/get-umi-webpack-compiler/node_modules/core-js/modules/_property-desc.js',
        '/Users/youku/workspace/github/get-umi-webpack-compiler/node_modules/core-js/modules/_redefine-all.js',
        '/Users/youku/workspace/github/get-umi-webpack-compiler/node_modules/core-js/modules/_redefine.js',
        '/Users/youku/workspace/github/get-umi-webpack-compiler/node_modules/core-js/modules/_regexp-exec-abstract.js',
        '/Users/youku/workspace/github/get-umi-webpack-compiler/node_modules/core-js/modules/_regexp-exec.js',
        '/Users/youku/workspace/github/get-umi-webpack-compiler/node_modules/core-js/modules/_same-value.js',
        '/Users/youku/workspace/github/get-umi-webpack-compiler/node_modules/core-js/modules/_set-proto.js',
        '/Users/youku/workspace/github/get-umi-webpack-compiler/node_modules/core-js/modules/_set-species.js',
        '/Users/youku/workspace/github/get-umi-webpack-compiler/node_modules/core-js/modules/_set-to-string-tag.js',
        '/Users/youku/workspace/github/get-umi-webpack-compiler/node_modules/core-js/modules/_shared-key.js',
        '/Users/youku/workspace/github/get-umi-webpack-compiler/node_modules/core-js/modules/_shared.js',
        '/Users/youku/workspace/github/get-umi-webpack-compiler/node_modules/core-js/modules/_species-constructor.js',
        '/Users/youku/workspace/github/get-umi-webpack-compiler/node_modules/core-js/modules/_strict-method.js',
        '/Users/youku/workspace/github/get-umi-webpack-compiler/node_modules/core-js/modules/_string-at.js',
        '/Users/youku/workspace/github/get-umi-webpack-compiler/node_modules/core-js/modules/_string-pad.js',
        '/Users/youku/workspace/github/get-umi-webpack-compiler/node_modules/core-js/modules/_string-repeat.js',
        '/Users/youku/workspace/github/get-umi-webpack-compiler/node_modules/core-js/modules/_task.js',
        '/Users/youku/workspace/github/get-umi-webpack-compiler/node_modules/core-js/modules/_to-absolute-index.js',
        '/Users/youku/workspace/github/get-umi-webpack-compiler/node_modules/core-js/modules/_to-index.js',
        '/Users/youku/workspace/github/get-umi-webpack-compiler/node_modules/core-js/modules/_to-integer.js',
        '/Users/youku/workspace/github/get-umi-webpack-compiler/node_modules/core-js/modules/_to-iobject.js',
        '/Users/youku/workspace/github/get-umi-webpack-compiler/node_modules/core-js/modules/_to-length.js',
        '/Users/youku/workspace/github/get-umi-webpack-compiler/node_modules/core-js/modules/_to-object.js',
        '/Users/youku/workspace/github/get-umi-webpack-compiler/node_modules/core-js/modules/_to-primitive.js',
        '/Users/youku/workspace/github/get-umi-webpack-compiler/node_modules/core-js/modules/_typed-array.js',
        '/Users/youku/workspace/github/get-umi-webpack-compiler/node_modules/core-js/modules/_typed-buffer.js',
        '/Users/youku/workspace/github/get-umi-webpack-compiler/node_modules/core-js/modules/_typed.js',
        '/Users/youku/workspace/github/get-umi-webpack-compiler/node_modules/core-js/modules/_uid.js',
        '/Users/youku/workspace/github/get-umi-webpack-compiler/node_modules/core-js/modules/_user-agent.js',
        '/Users/youku/workspace/github/get-umi-webpack-compiler/node_modules/core-js/modules/_validate-collection.js',
        '/Users/youku/workspace/github/get-umi-webpack-compiler/node_modules/core-js/modules/_wks-define.js',
        '/Users/youku/workspace/github/get-umi-webpack-compiler/node_modules/core-js/modules/_wks-ext.js',
        '/Users/youku/workspace/github/get-umi-webpack-compiler/node_modules/core-js/modules/_wks.js',
        '/Users/youku/workspace/github/get-umi-webpack-compiler/node_modules/core-js/modules/core.get-iterator-method.js',
        '/Users/youku/workspace/github/get-umi-webpack-compiler/node_modules/core-js/modules/es6.array.from.js',
        '/Users/youku/workspace/github/get-umi-webpack-compiler/node_modules/core-js/modules/es6.array.iterator.js',
        '/Users/youku/workspace/github/get-umi-webpack-compiler/node_modules/core-js/modules/es6.array.sort.js',
        '/Users/youku/workspace/github/get-umi-webpack-compiler/node_modules/core-js/modules/es6.array.species.js',
        '/Users/youku/workspace/github/get-umi-webpack-compiler/node_modules/core-js/modules/es6.date.to-primitive.js',
        '/Users/youku/workspace/github/get-umi-webpack-compiler/node_modules/core-js/modules/es6.function.has-instance.js',
        '/Users/youku/workspace/github/get-umi-webpack-compiler/node_modules/core-js/modules/es6.map.js',
        '/Users/youku/workspace/github/get-umi-webpack-compiler/node_modules/core-js/modules/es6.promise.js',
        '/Users/youku/workspace/github/get-umi-webpack-compiler/node_modules/core-js/modules/es6.regexp.exec.js',
        '/Users/youku/workspace/github/get-umi-webpack-compiler/node_modules/core-js/modules/es6.regexp.flags.js',
        '/Users/youku/workspace/github/get-umi-webpack-compiler/node_modules/core-js/modules/es6.regexp.match.js',
        '/Users/youku/workspace/github/get-umi-webpack-compiler/node_modules/core-js/modules/es6.regexp.replace.js',
        '/Users/youku/workspace/github/get-umi-webpack-compiler/node_modules/core-js/modules/es6.regexp.search.js',
        '/Users/youku/workspace/github/get-umi-webpack-compiler/node_modules/core-js/modules/es6.regexp.split.js',
        '/Users/youku/workspace/github/get-umi-webpack-compiler/node_modules/core-js/modules/es6.regexp.to-string.js',
        '/Users/youku/workspace/github/get-umi-webpack-compiler/node_modules/core-js/modules/es6.set.js',
        '/Users/youku/workspace/github/get-umi-webpack-compiler/node_modules/core-js/modules/es6.symbol.js',
        '/Users/youku/workspace/github/get-umi-webpack-compiler/node_modules/core-js/modules/es6.typed.array-buffer.js',
        '/Users/youku/workspace/github/get-umi-webpack-compiler/node_modules/core-js/modules/es6.typed.float32-array.js',
        '/Users/youku/workspace/github/get-umi-webpack-compiler/node_modules/core-js/modules/es6.typed.float64-array.js',
        '/Users/youku/workspace/github/get-umi-webpack-compiler/node_modules/core-js/modules/es6.typed.int16-array.js',
        '/Users/youku/workspace/github/get-umi-webpack-compiler/node_modules/core-js/modules/es6.typed.int32-array.js',
        '/Users/youku/workspace/github/get-umi-webpack-compiler/node_modules/core-js/modules/es6.typed.int8-array.js',
        '/Users/youku/workspace/github/get-umi-webpack-compiler/node_modules/core-js/modules/es6.typed.uint16-array.js',
        '/Users/youku/workspace/github/get-umi-webpack-compiler/node_modules/core-js/modules/es6.typed.uint32-array.js',
        '/Users/youku/workspace/github/get-umi-webpack-compiler/node_modules/core-js/modules/es6.typed.uint8-array.js',
        '/Users/youku/workspace/github/get-umi-webpack-compiler/node_modules/core-js/modules/es6.typed.uint8-clamped-array.js',
        '/Users/youku/workspace/github/get-umi-webpack-compiler/node_modules/core-js/modules/es6.weak-map.js',
        '/Users/youku/workspace/github/get-umi-webpack-compiler/node_modules/core-js/modules/es6.weak-set.js',
        '/Users/youku/workspace/github/get-umi-webpack-compiler/node_modules/core-js/modules/es7.array.includes.js',
        '/Users/youku/workspace/github/get-umi-webpack-compiler/node_modules/core-js/modules/es7.object.define-getter.js',
        '/Users/youku/workspace/github/get-umi-webpack-compiler/node_modules/core-js/modules/es7.object.define-setter.js',
        '/Users/youku/workspace/github/get-umi-webpack-compiler/node_modules/core-js/modules/es7.object.entries.js',
        '/Users/youku/workspace/github/get-umi-webpack-compiler/node_modules/core-js/modules/es7.object.get-own-property-descriptors.js',
        '/Users/youku/workspace/github/get-umi-webpack-compiler/node_modules/core-js/modules/es7.object.lookup-getter.js',
        '/Users/youku/workspace/github/get-umi-webpack-compiler/node_modules/core-js/modules/es7.object.lookup-setter.js',
        '/Users/youku/workspace/github/get-umi-webpack-compiler/node_modules/core-js/modules/es7.object.values.js',
        '/Users/youku/workspace/github/get-umi-webpack-compiler/node_modules/core-js/modules/es7.promise.finally.js',
        '/Users/youku/workspace/github/get-umi-webpack-compiler/node_modules/core-js/modules/es7.string.pad-end.js',
        '/Users/youku/workspace/github/get-umi-webpack-compiler/node_modules/core-js/modules/es7.string.pad-start.js',
        '/Users/youku/workspace/github/get-umi-webpack-compiler/node_modules/core-js/modules/es7.symbol.async-iterator.js',
        '/Users/youku/workspace/github/get-umi-webpack-compiler/node_modules/core-js/modules/web.dom.iterable.js',
        '/Users/youku/workspace/github/get-umi-webpack-compiler/node_modules/core-js/modules/web.immediate.js',
        '/Users/youku/workspace/github/get-umi-webpack-compiler/node_modules/core-js/modules/web.timers.js',
        '/Users/youku/workspace/github/get-umi-webpack-compiler/node_modules/css-loader/lib/css-base.js',
        '/Users/youku/workspace/github/get-umi-webpack-compiler/node_modules/css-loader/lib/url/escape.js',
        '/Users/youku/workspace/github/get-umi-webpack-compiler/node_modules/decode-uri-component/index.js',
        '/Users/youku/workspace/github/get-umi-webpack-compiler/node_modules/hoist-non-react-statics/dist/hoist-non-react-statics.cjs.js',
        '/Users/youku/workspace/github/get-umi-webpack-compiler/node_modules/inherits/inherits_browser.js',
        '/Users/youku/workspace/github/get-umi-webpack-compiler/node_modules/invariant/browser.js',
        '/Users/youku/workspace/github/get-umi-webpack-compiler/node_modules/lodash/_Symbol.js',
        '/Users/youku/workspace/github/get-umi-webpack-compiler/node_modules/lodash/_baseGetTag.js',
        '/Users/youku/workspace/github/get-umi-webpack-compiler/node_modules/lodash/_freeGlobal.js',
        '/Users/youku/workspace/github/get-umi-webpack-compiler/node_modules/lodash/_getPrototype.js',
        '/Users/youku/workspace/github/get-umi-webpack-compiler/node_modules/lodash/_getRawTag.js',
        '/Users/youku/workspace/github/get-umi-webpack-compiler/node_modules/lodash/_objectToString.js',
        '/Users/youku/workspace/github/get-umi-webpack-compiler/node_modules/lodash/_overArg.js',
        '/Users/youku/workspace/github/get-umi-webpack-compiler/node_modules/lodash/_root.js',
        '/Users/youku/workspace/github/get-umi-webpack-compiler/node_modules/lodash/isObjectLike.js',
        '/Users/youku/workspace/github/get-umi-webpack-compiler/node_modules/lodash/isPlainObject.js',
        '/Users/youku/workspace/github/get-umi-webpack-compiler/node_modules/node-libs-browser/mock/process.js',
        '/Users/youku/workspace/github/get-umi-webpack-compiler/node_modules/node-libs-browser/node_modules/util/support/isBufferBrowser.js',
        '/Users/youku/workspace/github/get-umi-webpack-compiler/node_modules/node-libs-browser/node_modules/util/util.js',
        '/Users/youku/workspace/github/get-umi-webpack-compiler/node_modules/object-assign/index.js',
        '/Users/youku/workspace/github/get-umi-webpack-compiler/node_modules/path-browserify/index.js',
        '/Users/youku/workspace/github/get-umi-webpack-compiler/node_modules/path-to-regexp/index.js',
        '/Users/youku/workspace/github/get-umi-webpack-compiler/node_modules/path-to-regexp/node_modules/isarray/index.js',
        '/Users/youku/workspace/github/get-umi-webpack-compiler/node_modules/prop-types/factoryWithThrowingShims.js',
        '/Users/youku/workspace/github/get-umi-webpack-compiler/node_modules/prop-types/index.js',
        '/Users/youku/workspace/github/get-umi-webpack-compiler/node_modules/prop-types/lib/ReactPropTypesSecret.js',
        '/Users/youku/workspace/github/get-umi-webpack-compiler/node_modules/react-loadable/lib/index.js',
        '/Users/youku/workspace/github/get-umi-webpack-compiler/node_modules/react-router-dom/es/BrowserRouter.js',
        '/Users/youku/workspace/github/get-umi-webpack-compiler/node_modules/react-router-dom/es/HashRouter.js',
        '/Users/youku/workspace/github/get-umi-webpack-compiler/node_modules/react-router-dom/es/Link.js',
        '/Users/youku/workspace/github/get-umi-webpack-compiler/node_modules/react-router-dom/es/MemoryRouter.js',
        '/Users/youku/workspace/github/get-umi-webpack-compiler/node_modules/react-router-dom/es/NavLink.js',
        '/Users/youku/workspace/github/get-umi-webpack-compiler/node_modules/react-router-dom/es/Prompt.js',
        '/Users/youku/workspace/github/get-umi-webpack-compiler/node_modules/react-router-dom/es/Redirect.js',
        '/Users/youku/workspace/github/get-umi-webpack-compiler/node_modules/react-router-dom/es/Route.js',
        '/Users/youku/workspace/github/get-umi-webpack-compiler/node_modules/react-router-dom/es/Router.js',
        '/Users/youku/workspace/github/get-umi-webpack-compiler/node_modules/react-router-dom/es/StaticRouter.js',
        '/Users/youku/workspace/github/get-umi-webpack-compiler/node_modules/react-router-dom/es/Switch.js',
        '/Users/youku/workspace/github/get-umi-webpack-compiler/node_modules/react-router-dom/es/generatePath.js',
        '/Users/youku/workspace/github/get-umi-webpack-compiler/node_modules/react-router-dom/es/index.js',
        '/Users/youku/workspace/github/get-umi-webpack-compiler/node_modules/react-router-dom/es/matchPath.js',
        '/Users/youku/workspace/github/get-umi-webpack-compiler/node_modules/react-router-dom/es/withRouter.js',
        '/Users/youku/workspace/github/get-umi-webpack-compiler/node_modules/react-router/es/MemoryRouter.js',
        '/Users/youku/workspace/github/get-umi-webpack-compiler/node_modules/react-router/es/Prompt.js',
        '/Users/youku/workspace/github/get-umi-webpack-compiler/node_modules/react-router/es/Redirect.js',
        '/Users/youku/workspace/github/get-umi-webpack-compiler/node_modules/react-router/es/Route.js',
        '/Users/youku/workspace/github/get-umi-webpack-compiler/node_modules/react-router/es/Router.js',
        '/Users/youku/workspace/github/get-umi-webpack-compiler/node_modules/react-router/es/StaticRouter.js',
        '/Users/youku/workspace/github/get-umi-webpack-compiler/node_modules/react-router/es/Switch.js',
        '/Users/youku/workspace/github/get-umi-webpack-compiler/node_modules/react-router/es/generatePath.js',
        '/Users/youku/workspace/github/get-umi-webpack-compiler/node_modules/react-router/es/matchPath.js',
        '/Users/youku/workspace/github/get-umi-webpack-compiler/node_modules/react-router/es/withRouter.js',
        '/Users/youku/workspace/github/get-umi-webpack-compiler/node_modules/regenerator-runtime/runtime.js',
        '/Users/youku/workspace/github/get-umi-webpack-compiler/node_modules/resolve-pathname/index.js',
        '/Users/youku/workspace/github/get-umi-webpack-compiler/node_modules/strict-uri-encode/index.js',
        '/Users/youku/workspace/github/get-umi-webpack-compiler/node_modules/umi-build-dev/node_modules/react-dom/cjs/react-dom.production.min.js',
        '/Users/youku/workspace/github/get-umi-webpack-compiler/node_modules/umi-build-dev/node_modules/react-dom/index.js',
        '/Users/youku/workspace/github/get-umi-webpack-compiler/node_modules/umi-build-dev/node_modules/react/cjs/react.production.min.js',
        '/Users/youku/workspace/github/get-umi-webpack-compiler/node_modules/umi-build-dev/node_modules/react/index.js',
        '/Users/youku/workspace/github/get-umi-webpack-compiler/node_modules/umi-build-dev/node_modules/scheduler/cjs/scheduler.production.min.js',
        '/Users/youku/workspace/github/get-umi-webpack-compiler/node_modules/umi-build-dev/node_modules/scheduler/index.js',
        '/Users/youku/workspace/github/get-umi-webpack-compiler/node_modules/umi-history/DOMUtils.js',
        '/Users/youku/workspace/github/get-umi-webpack-compiler/node_modules/umi-history/LocationUtils.js',
        '/Users/youku/workspace/github/get-umi-webpack-compiler/node_modules/umi-history/PathUtils.js',
        '/Users/youku/workspace/github/get-umi-webpack-compiler/node_modules/umi-history/createBrowserHistory.js',
        '/Users/youku/workspace/github/get-umi-webpack-compiler/node_modules/umi-history/createTransitionManager.js',
        '/Users/youku/workspace/github/get-umi-webpack-compiler/node_modules/umi-history/es/DOMUtils.js',
        '/Users/youku/workspace/github/get-umi-webpack-compiler/node_modules/umi-history/es/LocationUtils.js',
        '/Users/youku/workspace/github/get-umi-webpack-compiler/node_modules/umi-history/es/PathUtils.js',
        '/Users/youku/workspace/github/get-umi-webpack-compiler/node_modules/umi-history/es/createBrowserHistory.js',
        '/Users/youku/workspace/github/get-umi-webpack-compiler/node_modules/umi-history/es/createHashHistory.js',
        '/Users/youku/workspace/github/get-umi-webpack-compiler/node_modules/umi-history/es/createMemoryHistory.js',
        '/Users/youku/workspace/github/get-umi-webpack-compiler/node_modules/umi-history/es/createTransitionManager.js',
        '/Users/youku/workspace/github/get-umi-webpack-compiler/node_modules/umi-history/es/index.js',
        '/Users/youku/workspace/github/get-umi-webpack-compiler/node_modules/umi-history/node_modules/query-string/index.js',
        '/Users/youku/workspace/github/get-umi-webpack-compiler/node_modules/umi-history/node_modules/warning/browser.js',
        '/Users/youku/workspace/github/get-umi-webpack-compiler/node_modules/umi/lib/createHistory.js',
        '/Users/youku/workspace/github/get-umi-webpack-compiler/node_modules/umi/lib/dynamic.js',
        '/Users/youku/workspace/github/get-umi-webpack-compiler/node_modules/umi/lib/renderRoutes.js',
        '/Users/youku/workspace/github/get-umi-webpack-compiler/node_modules/umi/lib/runtimePlugin.js',
        '/Users/youku/workspace/github/get-umi-webpack-compiler/node_modules/umi/lib/utils.js',
        '/Users/youku/workspace/github/get-umi-webpack-compiler/node_modules/value-equal/index.js',
        '/Users/youku/workspace/github/get-umi-webpack-compiler/node_modules/warning/warning.js',
        '/Users/youku/workspace/github/get-umi-webpack-compiler/node_modules/webpack/buildin/global.js',
        '/Users/youku/workspace/github/get-umi-webpack-compiler/src/assets/yay.jpg',
        '/Users/youku/workspace/github/get-umi-webpack-compiler/src/global.css',
        '/Users/youku/workspace/github/get-umi-webpack-compiler/src/layouts/index.css',
        '/Users/youku/workspace/github/get-umi-webpack-compiler/src/layouts/index.tsx',
        '/Users/youku/workspace/github/get-umi-webpack-compiler/src/pages/.umi-production/initHistory.js',
        '/Users/youku/workspace/github/get-umi-webpack-compiler/src/pages/.umi-production/polyfills.js',
        '/Users/youku/workspace/github/get-umi-webpack-compiler/src/pages/.umi-production/router.js',
        '/Users/youku/workspace/github/get-umi-webpack-compiler/src/pages/.umi-production/umi.js',
        '/Users/youku/workspace/github/get-umi-webpack-compiler/src/pages/index.css',
        '/Users/youku/workspace/github/get-umi-webpack-compiler/src/pages/index.tsx',
        _sortFn: undefined,
        _lastActiveSortFn: undefined,
        _cache: undefined,
        _cacheOrderIndependent: undefined },
     contextDependencies: 
      SortableSet {
        _sortFn: undefined,
        _lastActiveSortFn: null,
        _cache: undefined,
        _cacheOrderIndependent: undefined },
     missingDependencies: 
      SortableSet {
        _sortFn: undefined,
        _lastActiveSortFn: null,
        _cache: undefined,
        _cacheOrderIndependent: undefined } },
  hash: '5ebd68eb10b06f5a2e76',
  startTime: 1548063783961,
  endTime: 1548063787112 }
